trier par dataset puis par release
voir si pour la creation des repertoires GED PU25/50 et FAST on ne peut pas les mettre par défaut et changer le texte (textedit)
test before about len() = 1 -> do nothing
verifier le chemin : si on n'est pas dans Validation/RecoEgamma/test alors signaler et ne rien faire.
verifier si on fait bien PU25(50) avec PU25(50), et idem pour les datasets

mettre les langues sous forme de fichier txt.

resume:
self.choix_calcul = 'Full'   # default
self.choix_job = '8nh'       # default
self.choix_etape = 'analyze' # default

radio01-4 : analyze, finalize, store, publish
radio11-3 : FULL, PU, FAST
radio21-2 : store, force
check31-6 : Pt10Startup_UP15, Pt35Startup_UP15, Pt1000Startup_UP15, QcdPt80Pt120Startup_13, TTbarStartup_13, ZEEStartup_13
check37-8 : TTbarStartup_13, ZEEStartup_13
radio41-2 : batch, interactif
radio51-2 : 8nh, 1nh

self.rel_list : liste les fichiers DQM_V001_**.root pour les différents datasets cochés (check3*) pour la release a valider
self.ref_list : liste les fichiers DQM_V001_**.root pour les différents datasets cochés (check3*) pour la release de reference

self.rel_list_mod : liste les releases, globaltags et datasets a partir des datasets cochés (check3*) pour la release a valider
self.ref_list_mod : liste les releases, globaltags et datasets a partir des datasets cochés (check3*) pour la release de reference
self.rel_list_mod2 : liste classee des releases, globaltags et datasets a partir de self.rel_list_mod pour la release a valider
self.ref_list_mod2 : liste classee des releases, globaltags et datasets a partir de self.ref_list_mod pour la release de reference
